// Jest Snapshot v1, https://goo.gl/fbAQLP

exports[`leagues Snapshot renders teams 1`] = `
<Fragment>
  <WithStyles(ForwardRef(Grid))
    container={true}
    direction="row"
    spacing={2}
  >
    <WithStyles(ForwardRef(Grid))
      align="center"
      item={true}
      md={8}
      xs={12}
    >
      <WithStyles(ForwardRef(Grid))
        className="buttons"
        item={true}
        md={8}
        xs={12}
      >
        <WithStyles(ForwardRef(Button))
          onClick={[Function]}
          style={
            Object {
              "backgroundColor": "white",
              "border": "4px solid #490050",
              "color": "#490050",
              "marginBottom": "5px",
              "marginTop": "10px",
              "width": 250,
            }
          }
          variant="contained"
        >
          <Memo(ForwardRef(AddCircleOutlineIcon)) />
          <h4
            style={
              Object {
                "paddingLeft": "5px",
              }
            }
          >
            Create League
          </h4>
        </WithStyles(ForwardRef(Button))>
        <WithStyles(ForwardRef(Button))
          onClick={[Function]}
          style={
            Object {
              "backgroundColor": "white",
              "border": "4px solid #490050",
              "color": "#490050",
              "marginBottom": "5px",
              "marginTop": "10px",
              "width": 250,
            }
          }
          variant="contained"
        >
          <Memo(ForwardRef(PeopleAltIcon)) />
          <h4
            style={
              Object {
                "paddingLeft": "5px",
              }
            }
          >
            Join League
          </h4>
        </WithStyles(ForwardRef(Button))>
      </WithStyles(ForwardRef(Grid))>
      <WithStyles(ForwardRef(Grid))
        item={true}
        md={8}
        xs={12}
      >
        <div>
          <div
            className="leaguesLoading"
          >
            <WithStyles(ForwardRef(CircularProgress))
              style={
                Object {
                  "color": "#490050",
                }
              }
            />
          </div>
        </div>
      </WithStyles(ForwardRef(Grid))>
    </WithStyles(ForwardRef(Grid))>
    <WithStyles(ForwardRef(Grid))
      item={true}
      md={4}
      xs={12}
    >
      <WithStyles(ForwardRef(Grid))
        item={true}
        style={
          Object {
            "marginBottom": "20px",
          }
        }
        xs={12}
      >
        <PremierLeagueFixtures
          results={Object {}}
        />
      </WithStyles(ForwardRef(Grid))>
      <WithStyles(ForwardRef(Grid))
        item={true}
        xs={12}
      >
        <PremierLeagueResults
          results={Object {}}
        />
      </WithStyles(ForwardRef(Grid))>
    </WithStyles(ForwardRef(Grid))>
  </WithStyles(ForwardRef(Grid))>
</Fragment>
`;
