// Jest Snapshot v1, https://goo.gl/fbAQLP

exports[`pickTeam Snapshot renders teams 1`] = `
<div>
  <div>
    <WithStyles(ForwardRef(Grid))
      container={true}
      direction="column"
      spacing={1}
    >
      <WithStyles(WithStyles(ForwardRef(Button)))
        className="makeStyles-margin-1"
        data-automation="Manchester United FC"
        disableRipple={true}
        key="Manchester United FC"
        onClick={[Function]}
        variant="contained"
      >
        Manchester United FC
      </WithStyles(WithStyles(ForwardRef(Button)))>
      <WithStyles(WithStyles(ForwardRef(Button)))
        className="makeStyles-margin-1"
        data-automation="Manchester City FC"
        disableRipple={true}
        key="Manchester City FC"
        onClick={[Function]}
        variant="contained"
      >
        Manchester City FC
      </WithStyles(WithStyles(ForwardRef(Button)))>
      <WithStyles(WithStyles(ForwardRef(Button)))
        className="makeStyles-margin-1"
        data-automation="Liverpool FC"
        disableRipple={true}
        key="Liverpool FC"
        onClick={[Function]}
        variant="contained"
      >
        Liverpool FC
      </WithStyles(WithStyles(ForwardRef(Button)))>
      <WithStyles(WithStyles(ForwardRef(Button)))
        className="makeStyles-margin-1"
        data-automation="Everton FC"
        disableRipple={true}
        key="Everton FC"
        onClick={[Function]}
        variant="contained"
      >
        Everton FC
      </WithStyles(WithStyles(ForwardRef(Button)))>
      <WithStyles(WithStyles(ForwardRef(Button)))
        className="makeStyles-margin-1"
        data-automation="Chelsea FC"
        disableRipple={true}
        key="Chelsea FC"
        onClick={[Function]}
        variant="contained"
      >
        Chelsea FC
      </WithStyles(WithStyles(ForwardRef(Button)))>
      <WithStyles(WithStyles(ForwardRef(Button)))
        className="makeStyles-margin-1"
        data-automation="Southampton FC"
        disableRipple={true}
        key="Southampton FC"
        onClick={[Function]}
        variant="contained"
      >
        Southampton FC
      </WithStyles(WithStyles(ForwardRef(Button)))>
      <WithStyles(WithStyles(ForwardRef(Button)))
        className="makeStyles-margin-1"
        data-automation="West Ham United FC"
        disableRipple={true}
        key="West Ham United FC"
        onClick={[Function]}
        variant="contained"
      >
        West Ham United FC
      </WithStyles(WithStyles(ForwardRef(Button)))>
      <WithStyles(WithStyles(ForwardRef(Button)))
        className="makeStyles-margin-1"
        data-automation="Arsenal FC"
        disableRipple={true}
        key="Arsenal FC"
        onClick={[Function]}
        variant="contained"
      >
        Arsenal FC
      </WithStyles(WithStyles(ForwardRef(Button)))>
      <WithStyles(WithStyles(ForwardRef(Button)))
        className="makeStyles-margin-1"
        data-automation="Aston Villa FC"
        disableRipple={true}
        key="Aston Villa FC"
        onClick={[Function]}
        variant="contained"
      >
        Aston Villa FC
      </WithStyles(WithStyles(ForwardRef(Button)))>
      <WithStyles(WithStyles(ForwardRef(Button)))
        className="makeStyles-margin-1"
        data-automation="Crystal Palace FC"
        disableRipple={true}
        key="Crystal Palace FC"
        onClick={[Function]}
        variant="contained"
      >
        Crystal Palace FC
      </WithStyles(WithStyles(ForwardRef(Button)))>
      <WithStyles(WithStyles(ForwardRef(Button)))
        className="makeStyles-margin-1"
        data-automation="Newcastle United FC"
        disableRipple={true}
        key="Newcastle United FC"
        onClick={[Function]}
        variant="contained"
      >
        Newcastle United FC
      </WithStyles(WithStyles(ForwardRef(Button)))>
      <WithStyles(WithStyles(ForwardRef(Button)))
        className="makeStyles-margin-1"
        data-automation="Brighton & Hove Albion FC"
        disableRipple={true}
        key="Brighton & Hove Albion FC"
        onClick={[Function]}
        variant="contained"
      >
        Brighton & Hove Albion FC
      </WithStyles(WithStyles(ForwardRef(Button)))>
      <WithStyles(WithStyles(ForwardRef(Button)))
        className="makeStyles-margin-1"
        data-automation="Burnley FC"
        disableRipple={true}
        key="Burnley FC"
        onClick={[Function]}
        variant="contained"
      >
        Burnley FC
      </WithStyles(WithStyles(ForwardRef(Button)))>
      <WithStyles(WithStyles(ForwardRef(Button)))
        className="makeStyles-margin-1"
        data-automation="Fulham FC"
        disableRipple={true}
        key="Fulham FC"
        onClick={[Function]}
        variant="contained"
      >
        Fulham FC
      </WithStyles(WithStyles(ForwardRef(Button)))>
      <WithStyles(WithStyles(ForwardRef(Button)))
        className="makeStyles-margin-1"
        data-automation="West Bromwich Albion FC"
        disableRipple={true}
        key="West Bromwich Albion FC"
        onClick={[Function]}
        variant="contained"
      >
        West Bromwich Albion FC
      </WithStyles(WithStyles(ForwardRef(Button)))>
    </WithStyles(ForwardRef(Grid))>
  </div>
  <div>
    <SelectTeam
      leagueID="mockLeagueId"
      selectedTeam=""
      setPermPick={[MockFunction]}
      sub="mockSub"
      submitToggle={false}
    />
  </div>
</div>
`;
