// Jest Snapshot v1, https://goo.gl/fbAQLP

exports[`pickTeam Snapshot renders teams 1`] = `
<WithStyles(ForwardRef(Button))
  data-automation="pickTeam_submitButton"
  onClick={[Function]}
  style={
    Object {
      "backgroundColor": "#490050",
      "color": "#fff",
      "fontWeight": "bold",
      "height": "30px",
      "marginTop": "10px",
      "padding": "10px",
    }
  }
>
  Select Team
</WithStyles(ForwardRef(Button))>
`;
