// Jest Snapshot v1, https://goo.gl/fbAQLP

exports[`ResultsRatio Snapshot renders correctly 1`] = `
<Fragment>
  <WithStyles(ForwardRef(ListItem))>
    Wins: 
    0
  </WithStyles(ForwardRef(ListItem))>
  <WithStyles(ForwardRef(ListItem))>
    Losses: 
    5
  </WithStyles(ForwardRef(ListItem))>
</Fragment>
`;
